#-----------------------------------------------------------
# xsim v2018.3 (64-bit)
# SW Build 2405991 on Thu Dec  6 23:38:27 MST 2018
# IP Build 2404404 on Fri Dec  7 01:43:56 MST 2018
# Start of session at: Tue Jul  7 22:03:39 2026
# Process ID: 3268
# Current directory: D:/vivado/cpu_uart/cpu_uart.sim/sim_1/behav/xsim
# Command line: xsim.exe -mode tcl -source {xsim.dir/tb_soc_top_clean_behav/xsim_script.tcl}
# Log file: D:/vivado/cpu_uart/cpu_uart.sim/sim_1/behav/xsim/xsim.log
# Journal file: D:/vivado/cpu_uart/cpu_uart.sim/sim_1/behav/xsim\xsim.jou
#-----------------------------------------------------------
source xsim.dir/tb_soc_top_clean_behav/xsim_script.tcl
# xsim {tb_soc_top_clean_behav} -view {{D:/vivado/cpu_uart/soc_top_tb_behav.wcfg}} -tclbatch {tb_soc_top.tcl}
Vivado Simulator 2018.3
Time resolution is 1 ps
open_wave_config D:/vivado/cpu_uart/soc_top_tb_behav.wcfg
source tb_soc_top.tcl
## set curr_wave [current_wave_config]
## if { [string length $curr_wave] == 0 } {
##   if { [llength [get_objects]] > 0} {
##     add_wave /
##     set_property needs_save false [current_wave_config]
##   } else {
##      send_msg_id Add_Wave-1 WARNING "No top level signals found. Simulator will start without a wave window. If you want to open a wave window go to 'File->New Waveform Configuration' or type 'create_wave_config' in the TCL console."
##   }
## }
## run 1000ns
--------------------------------------------------
RISC-V SoC Full-Duplex Loopback Test Started.
--------------------------------------------------
Time: 20000 | CPU Booted. Executing Machine Code...
Time: 75000 | PMU clk_enable_reg = 00000004
Time: 105000 | I2C start, addr = 57, rw = 1, tx = 00
Time: 165000 | PMU clk_enable_reg = 00000000
Time: 185000 | PMU clk_enable_reg = 00000001
Time: 245000 | TX Pin changed to: 0
Time: 365000 | PMU clk_enable_reg = 00000000
Time: 385000 | PMU clk_enable_reg = 00000002
Time: 585000 | SPI done, rx = 5a
Time: 645000 | PMU clk_enable_reg = 00000000
INFO: [Common 17-206] Exiting xsim at Tue Jul  7 22:03:42 2026...
