Vivado Simulator 2018.3
Copyright 1986-1999, 2001-2018 Xilinx, Inc. All Rights Reserved.
Running: D:/vivado/Vivado/2018.3/bin/unwrapped/win64.o/xelab.exe --incr --debug typical --relax --mt 2 -L work -L unisims_ver -L unimacro_ver -L secureip --snapshot tb_soc_top_behav work.tb_soc_top 
Using 2 slave threads.
Starting static elaboration
WARNING: [VRFC 10-3091] actual bit length 3 differs from formal bit length 7 for port 'funct3' [D:/vivado/RISC-V_CPU/RISC-V_CPU.srcs/sources_1/new/cpu_core.v:96]
Completed static elaboration
Starting simulation data flow analysis
Completed simulation data flow analysis
Time Resolution for simulation is 1ps
Compiling module work.control_unit
Compiling module work.pc_logic
Compiling module work.imem
Compiling module work.decode
Compiling module work.imm_gen
Compiling module work.alu
Compiling module work.regfile
Compiling module work.cpu_core
Compiling module work.ahb_to_apb
Compiling module work.tx
Compiling module work.rx
Compiling module work.uart_core_default
Compiling module work.apb_uart
Compiling module work.spi_master
Compiling module work.ahb_spi
Compiling module work.ahb_pmu
Compiling module work.i2c_master_default
Compiling module work.ahb_i2c
Compiling module work.i2c_slave
Compiling module work.ahb_ram
Compiling module work.soc_top
Compiling module work.tb_soc_top
Built simulation snapshot tb_soc_top_behav
