INFO: [VRFC 10-2263] Analyzing Verilog file "D:/vivado/cpu_uart/cpu_uart.srcs/sources_1/new/ahb_i2c.v" into library work
INFO: [VRFC 10-311] analyzing module ahb_i2c
INFO: [VRFC 10-2263] Analyzing Verilog file "D:/vivado/cpu_uart/cpu_uart.srcs/sources_1/new/ahb_pmu.v" into library work
INFO: [VRFC 10-311] analyzing module ahb_pmu
INFO: [VRFC 10-2263] Analyzing Verilog file "D:/vivado/cpu_uart/cpu_uart.srcs/sources_1/new/ahb_ram.v" into library work
INFO: [VRFC 10-311] analyzing module ahb_ram
INFO: [VRFC 10-2263] Analyzing Verilog file "D:/vivado/cpu_uart/cpu_uart.srcs/sources_1/new/ahb_spi.v" into library work
INFO: [VRFC 10-311] analyzing module ahb_spi
INFO: [VRFC 10-2263] Analyzing Verilog file "D:/vivado/cpu_uart/cpu_uart.srcs/sources_1/new/ahb_to_apb.v" into library work
INFO: [VRFC 10-311] analyzing module ahb_to_apb
INFO: [VRFC 10-2263] Analyzing Verilog file "D:/vivado/RISC-V_CPU/RISC-V_CPU.srcs/sources_1/new/alu.v" into library work
INFO: [VRFC 10-311] analyzing module alu
INFO: [VRFC 10-2263] Analyzing Verilog file "D:/vivado/cpu_uart/cpu_uart.srcs/sources_1/new/apb_uart.v" into library work
INFO: [VRFC 10-311] analyzing module apb_uart
INFO: [VRFC 10-2263] Analyzing Verilog file "D:/vivado/RISC-V_CPU/RISC-V_CPU.srcs/sources_1/new/control_unit.v" into library work
INFO: [VRFC 10-311] analyzing module control_unit
INFO: [VRFC 10-2263] Analyzing Verilog file "D:/vivado/RISC-V_CPU/RISC-V_CPU.srcs/sources_1/new/cpu_core.v" into library work
INFO: [VRFC 10-311] analyzing module cpu_core
INFO: [VRFC 10-2263] Analyzing Verilog file "D:/vivado/RISC-V_CPU/RISC-V_CPU.srcs/sources_1/new/decode.v" into library work
INFO: [VRFC 10-311] analyzing module decode
INFO: [VRFC 10-2263] Analyzing Verilog file "D:/vivado/cpu_uart/cpu_uart.srcs/sources_1/new/i2c_master.v" into library work
INFO: [VRFC 10-311] analyzing module i2c_master
INFO: [VRFC 10-2263] Analyzing Verilog file "D:/vivado/cpu_uart/cpu_uart.srcs/sources_1/new/i2c_slave.v" into library work
INFO: [VRFC 10-311] analyzing module i2c_slave
INFO: [VRFC 10-2263] Analyzing Verilog file "D:/vivado/RISC-V_CPU/RISC-V_CPU.srcs/sources_1/new/imem.v" into library work
INFO: [VRFC 10-311] analyzing module imem
INFO: [VRFC 10-2263] Analyzing Verilog file "D:/vivado/RISC-V_CPU/RISC-V_CPU.srcs/sources_1/new/imm_gen.v" into library work
INFO: [VRFC 10-311] analyzing module imm_gen
INFO: [VRFC 10-2263] Analyzing Verilog file "D:/vivado/RISC-V_CPU/RISC-V_CPU.srcs/sources_1/new/pc_logic.v" into library work
INFO: [VRFC 10-311] analyzing module pc_logic
INFO: [VRFC 10-2263] Analyzing Verilog file "D:/vivado/RISC-V_CPU/RISC-V_CPU.srcs/sources_1/new/regfile.v" into library work
INFO: [VRFC 10-311] analyzing module regfile
INFO: [VRFC 10-2263] Analyzing Verilog file "D:/vivado/Communication Protocol/UART/UART.srcs/sources_1/new/rx.v" into library work
INFO: [VRFC 10-311] analyzing module rx
INFO: [VRFC 10-2263] Analyzing Verilog file "D:/vivado/cpu_uart/cpu_uart.srcs/sources_1/new/soc_top.v" into library work
INFO: [VRFC 10-311] analyzing module soc_top
INFO: [VRFC 10-2263] Analyzing Verilog file "D:/vivado/cpu_uart/cpu_uart.srcs/sources_1/new/spi_master.v" into library work
INFO: [VRFC 10-311] analyzing module spi_master
INFO: [VRFC 10-2263] Analyzing Verilog file "D:/vivado/Communication Protocol/UART/UART.srcs/sources_1/new/top.v" into library work
INFO: [VRFC 10-311] analyzing module uart_core
INFO: [VRFC 10-2263] Analyzing Verilog file "D:/vivado/Communication Protocol/UART/UART.srcs/sources_1/new/tx.v" into library work
INFO: [VRFC 10-311] analyzing module tx
INFO: [VRFC 10-2263] Analyzing Verilog file "D:/vivado/cpu_uart/cpu_uart.srcs/sim_1/new/soc_top_tb.v" into library work
INFO: [VRFC 10-311] analyzing module tb_soc_top
